Using pre-set license
Built from '2020.3/release' branch; Version is '2020.3.2f1 (8fd9074bf66c) revision 9427207'; Using compiler version '192528614'; Build Type 'Release'
OS: 'Windows 10 Home Single Language; OS build 19041.1052; Version 2004; 64bit' Language: 'pt' Physical Memory: 8112 MB
BatchMode: 1, IsHumanControllingUs: 0, StartBugReporterOnCrash: 0, Is64bit: 1, IsPro: 0

 COMMAND LINE ARGUMENTS:
C:\Users\rasco\Desktop\Projetos Unity\2020.3.2f1\Editor\Unity.exe
-adb2
-batchMode
-noUpm
-name
AssetImportWorker0
-projectPath
C:/Users/rasco/Desktop/Projetos Unity/ASC Attack
-logFile
Logs/AssetImportWorker0.log
-srvPort
62900
Successfully changed project path to: C:/Users/rasco/Desktop/Projetos Unity/ASC Attack
C:/Users/rasco/Desktop/Projetos Unity/ASC Attack
Using Asset Import Pipeline V2.
Refreshing native plugins compatible for Editor in 83.68 ms, found 1 plugins.
Preloading 0 native plugins for Editor in 0.00 ms.
Initialize engine version: 2020.3.2f1 (8fd9074bf66c)
[Subsystems] Discovering subsystems at path C:/Users/rasco/Desktop/Projetos Unity/2020.3.2f1/Editor/Data/Resources/UnitySubsystems
[Subsystems] Discovering subsystems at path C:/Users/rasco/Desktop/Projetos Unity/ASC Attack/Assets
GfxDevice: creating device client; threaded=0
Direct3D:
    Version:  Direct3D 11.0 [level 11.1]
    Renderer: NVIDIA GeForce GTX 1050 (ID=0x1c91)
    Vendor:   
    VRAM:     2996 MB
    Driver:   27.21.14.5749
Initialize mono
Mono path[0] = 'C:/Users/rasco/Desktop/Projetos Unity/2020.3.2f1/Editor/Data/Managed'
Mono path[1] = 'C:/Users/rasco/Desktop/Projetos Unity/2020.3.2f1/Editor/Data/MonoBleedingEdge/lib/mono/unityjit'
Mono config path = 'C:/Users/rasco/Desktop/Projetos Unity/2020.3.2f1/Editor/Data/MonoBleedingEdge/etc'
Using monoOptions --debugger-agent=transport=dt_socket,embedding=1,server=y,suspend=n,address=127.0.0.1:56356
Begin MonoManager ReloadAssembly
Registering precompiled unity dll's ...
Register platform support module: C:/Users/rasco/Desktop/Projetos Unity/2020.3.2f1/Editor/Data/PlaybackEngines/WindowsStandaloneSupport/UnityEditor.WindowsStandalone.Extensions.dll
Registered in 0.002565 seconds.
Native extension for WindowsStandalone target not found
Refreshing native plugins compatible for Editor in 81.49 ms, found 1 plugins.
Preloading 0 native plugins for Editor in 0.00 ms.
Invoked RoslynAnalysisRunner static constructor.
RoslynAnalysisRunner will not be running.
RoslynAnalysisRunner has terminated.
Mono: successfully reloaded assembly
- Completed reload, in  4.390 seconds
Platform modules already initialized, skipping
Registering precompiled user dll's ...
Registered in 0.010513 seconds.
Begin MonoManager ReloadAssembly
Native extension for WindowsStandalone target not found
Refreshing native plugins compatible for Editor in 0.91 ms, found 1 plugins.
Preloading 0 native plugins for Editor in 0.00 ms.
UnityIAP: [InitializeOnLoad] Facebook Check
UnityIAP: Runtime [2020.3.2f1]
UnityIAP: Current Build is Android:StandaloneWindows
UnityIAP: stub FacebookStore.dll disabled
Invoked RoslynAnalysisRunner static constructor.
RoslynAnalysisRunner will not be running.
RoslynAnalysisRunner has terminated.
Mono: successfully reloaded assembly
- Completed reload, in  1.428 seconds
Platform modules already initialized, skipping
========================================================================
Worker process is ready to serve import requests
Launched and connected shader compiler UnityShaderCompiler.exe after 0.06 seconds
Refreshing native plugins compatible for Editor in 1.47 ms, found 1 plugins.
Preloading 0 native plugins for Editor in 0.00 ms.
Unloading 1893 Unused Serialized files (Serialized files now loaded: 0)
System memory in use before: 88.1 MB.
System memory in use after: 88.2 MB.

Unloading 59 unused Assets to reduce memory usage. Loaded Objects now: 2300.
Total: 7.023500 ms (FindLiveObjects: 0.238300 ms CreateObjectMapping: 0.100700 ms MarkObjects: 6.586600 ms  DeleteObjects: 0.096600 ms)

========================================================================
Received Import Request.
  path: Assets/Jogo/Cenas/Fase1.unity
  artifactKey: Guid(d495f1519db721a429dfc9710d8f9081) Importer(815301076,1909f56bfc062723c751e8b465ee728b)
Start importing Assets/Jogo/Cenas/Fase1.unity using Guid(d495f1519db721a429dfc9710d8f9081) Importer(815301076,1909f56bfc062723c751e8b465ee728b)  -> (artifact id: 'e9171455c0fec1d42a6c8d12d1942650') in 0.034198 seconds
  Import took 0.040443 seconds .

========================================================================
Received Prepare
Registering precompiled user dll's ...
Registered in 0.005358 seconds.
Begin MonoManager ReloadAssembly
Native extension for WindowsStandalone target not found
Refreshing native plugins compatible for Editor in 0.73 ms, found 1 plugins.
Preloading 0 native plugins for Editor in 0.00 ms.
UnityIAP: [InitializeOnLoad] Facebook Check
UnityIAP: Runtime [2020.3.2f1]
UnityIAP: Current Build is Android:Android
UnityIAP: stub FacebookStore.dll disabled
Invoked RoslynAnalysisRunner static constructor.
RoslynAnalysisRunner will not be running.
RoslynAnalysisRunner has terminated.
Mono: successfully reloaded assembly
- Completed reload, in  1.054 seconds
Platform modules already initialized, skipping
Switching build target platform(5) subTarget(0) extendedPlatform(0) -> platform(13) subTarget(589824) extendedPlatform(0)
Refreshing native plugins compatible for Editor in 0.72 ms, found 1 plugins.
Preloading 0 native plugins for Editor in 0.00 ms.
Unloading 1872 Unused Serialized files (Serialized files now loaded: 0)
System memory in use before: 86.1 MB.
System memory in use after: 86.2 MB.

Unloading 52 unused Assets to reduce memory usage. Loaded Objects now: 2303.
Total: 5.133400 ms (FindLiveObjects: 0.199600 ms CreateObjectMapping: 0.076000 ms MarkObjects: 4.826700 ms  DeleteObjects: 0.029900 ms)

AssetImportParameters requested are different than current active one (requested -> active):
  custom:graphics/normal-map-encoding: 01000000000000000000000000000000 -> 02000000000000000000000000000000
========================================================================
Received Import Request.
  Time since last request: 104.648129 seconds.
  path: Assets/Scripts/Player.cs
  artifactKey: Guid(1a40a75df10e3164f974654b127de599) Importer(815301076,1909f56bfc062723c751e8b465ee728b)
Start importing Assets/Scripts/Player.cs using Guid(1a40a75df10e3164f974654b127de599) Importer(815301076,1909f56bfc062723c751e8b465ee728b)  -> (artifact id: 'a5c406cc184561fcb910055554279739') in 0.034687 seconds
  Import took 0.038783 seconds .

========================================================================
Received Import Request.
  Time since last request: 0.001128 seconds.
  path: Assets/Scripts/Player.cs
  artifactKey: Guid(1a40a75df10e3164f974654b127de599) Importer(815301076,1909f56bfc062723c751e8b465ee728b)
Start importing Assets/Scripts/Player.cs using Guid(1a40a75df10e3164f974654b127de599) Importer(815301076,1909f56bfc062723c751e8b465ee728b)  -> (artifact id: 'a5c406cc184561fcb910055554279739') in 0.001990 seconds
  Import took 0.006278 seconds .

========================================================================
Received Prepare
Registering precompiled user dll's ...
Registered in 0.004870 seconds.
Begin MonoManager ReloadAssembly
Native extension for WindowsStandalone target not found
Refreshing native plugins compatible for Editor in 0.65 ms, found 1 plugins.
Preloading 0 native plugins for Editor in 0.00 ms.
UnityIAP: [InitializeOnLoad] Facebook Check
UnityIAP: Runtime [2020.3.2f1]
UnityIAP: Current Build is Android:Android
UnityIAP: stub FacebookStore.dll disabled
Invoked RoslynAnalysisRunner static constructor.
RoslynAnalysisRunner will not be running.
RoslynAnalysisRunner has terminated.
Mono: successfully reloaded assembly
- Completed reload, in  0.853 seconds
Platform modules already initialized, skipping
Switching build target platform(5) subTarget(0) extendedPlatform(0) -> platform(13) subTarget(589824) extendedPlatform(0)
Refreshing native plugins compatible for Editor in 0.63 ms, found 1 plugins.
Preloading 0 native plugins for Editor in 0.00 ms.
Unloading 1872 Unused Serialized files (Serialized files now loaded: 0)
System memory in use before: 86.1 MB.
System memory in use after: 86.2 MB.

Unloading 52 unused Assets to reduce memory usage. Loaded Objects now: 2306.
Total: 4.886800 ms (FindLiveObjects: 0.421900 ms CreateObjectMapping: 0.266000 ms MarkObjects: 4.170300 ms  DeleteObjects: 0.026300 ms)

AssetImportParameters requested are different than current active one (requested -> active):
  custom:graphics/normal-map-encoding: 01000000000000000000000000000000 -> 02000000000000000000000000000000
========================================================================
Received Import Request.
  Time since last request: 66.347421 seconds.
  path: Assets/Scripts/Player.cs
  artifactKey: Guid(1a40a75df10e3164f974654b127de599) Importer(815301076,1909f56bfc062723c751e8b465ee728b)
Start importing Assets/Scripts/Player.cs using Guid(1a40a75df10e3164f974654b127de599) Importer(815301076,1909f56bfc062723c751e8b465ee728b)  -> (artifact id: '110ba55ef20f3fe04604f68b4801acc6') in 0.006397 seconds
  Import took 0.009804 seconds .

========================================================================
Received Prepare
Registering precompiled user dll's ...
Registered in 0.004844 seconds.
Begin MonoManager ReloadAssembly
Native extension for WindowsStandalone target not found
Refreshing native plugins compatible for Editor in 0.65 ms, found 1 plugins.
Preloading 0 native plugins for Editor in 0.00 ms.
UnityIAP: [InitializeOnLoad] Facebook Check
UnityIAP: Runtime [2020.3.2f1]
UnityIAP: Current Build is Android:Android
UnityIAP: stub FacebookStore.dll disabled
Invoked RoslynAnalysisRunner static constructor.
RoslynAnalysisRunner will not be running.
RoslynAnalysisRunner has terminated.
Mono: successfully reloaded assembly
- Completed reload, in  0.817 seconds
Platform modules already initialized, skipping
Switching build target platform(5) subTarget(0) extendedPlatform(0) -> platform(13) subTarget(589824) extendedPlatform(0)
Refreshing native plugins compatible for Editor in 0.64 ms, found 1 plugins.
Preloading 0 native plugins for Editor in 0.00 ms.
Unloading 1872 Unused Serialized files (Serialized files now loaded: 0)
System memory in use before: 86.1 MB.
System memory in use after: 86.2 MB.

Unloading 52 unused Assets to reduce memory usage. Loaded Objects now: 2309.
Total: 10.283000 ms (FindLiveObjects: 0.356000 ms CreateObjectMapping: 0.183700 ms MarkObjects: 9.702100 ms  DeleteObjects: 0.039600 ms)

AssetImportParameters requested are different than current active one (requested -> active):
  custom:graphics/normal-map-encoding: 01000000000000000000000000000000 -> 02000000000000000000000000000000
========================================================================
Received Import Request.
  Time since last request: 96.172542 seconds.
  path: Assets/Jogo/Cenas/Fase2.unity
  artifactKey: Guid(4f8e10d1da4f7074c955d32c3e0f83d6) Importer(815301076,1909f56bfc062723c751e8b465ee728b)
Start importing Assets/Jogo/Cenas/Fase2.unity using Guid(4f8e10d1da4f7074c955d32c3e0f83d6) Importer(815301076,1909f56bfc062723c751e8b465ee728b)  -> (artifact id: 'd7fa14d73440a94d69a7513986f9aecf') in 0.025375 seconds
  Import took 0.029381 seconds .

========================================================================
Received Import Request.
  Time since last request: 7.618941 seconds.
  path: Assets/Jogo/Cenas/Fase1.unity
  artifactKey: Guid(d495f1519db721a429dfc9710d8f9081) Importer(815301076,1909f56bfc062723c751e8b465ee728b)
Start importing Assets/Jogo/Cenas/Fase1.unity using Guid(d495f1519db721a429dfc9710d8f9081) Importer(815301076,1909f56bfc062723c751e8b465ee728b)  -> (artifact id: '70b6fcd1bba935cdf4a44139092bc115') in 0.002705 seconds
  Import took 0.018389 seconds .

========================================================================
Received Import Request.
  Time since last request: 15.978330 seconds.
  path: Assets/Jogo/Cenas/Menu.unity
  artifactKey: Guid(77c21feda88da444280e9d8bc9576660) Importer(815301076,1909f56bfc062723c751e8b465ee728b)
Start importing Assets/Jogo/Cenas/Menu.unity using Guid(77c21feda88da444280e9d8bc9576660) Importer(815301076,1909f56bfc062723c751e8b465ee728b)  -> (artifact id: 'd1972ca1782fbc2d54611aaafbb4a49a') in 0.007847 seconds
  Import took 0.011223 seconds .

========================================================================
Received Prepare
Registering precompiled user dll's ...
Registered in 0.005190 seconds.
Begin MonoManager ReloadAssembly
Native extension for WindowsStandalone target not found
Refreshing native plugins compatible for Editor in 1.00 ms, found 1 plugins.
Preloading 0 native plugins for Editor in 0.00 ms.
UnityIAP: [InitializeOnLoad] Facebook Check
UnityIAP: Runtime [2020.3.2f1]
UnityIAP: Current Build is Android:Android
UnityIAP: stub FacebookStore.dll disabled
Invoked RoslynAnalysisRunner static constructor.
RoslynAnalysisRunner will not be running.
RoslynAnalysisRunner has terminated.
Mono: successfully reloaded assembly
- Completed reload, in  0.876 seconds
Platform modules already initialized, skipping
Switching build target platform(5) subTarget(0) extendedPlatform(0) -> platform(13) subTarget(589824) extendedPlatform(0)
Refreshing native plugins compatible for Editor in 0.64 ms, found 1 plugins.
Preloading 0 native plugins for Editor in 0.00 ms.
Unloading 1872 Unused Serialized files (Serialized files now loaded: 0)
System memory in use before: 86.2 MB.
System memory in use after: 86.3 MB.

Unloading 52 unused Assets to reduce memory usage. Loaded Objects now: 2312.
Total: 4.452700 ms (FindLiveObjects: 0.205400 ms CreateObjectMapping: 0.072700 ms MarkObjects: 4.148400 ms  DeleteObjects: 0.024800 ms)

AssetImportParameters requested are different than current active one (requested -> active):
  custom:graphics/normal-map-encoding: 01000000000000000000000000000000 -> 02000000000000000000000000000000
========================================================================
Received Import Request.
  Time since last request: 71.583829 seconds.
  path: Assets/Jogo/Banco de Dados/FicarOnline.cs
  artifactKey: Guid(a8f53c9bdb01ccc409359acfda921a6f) Importer(815301076,1909f56bfc062723c751e8b465ee728b)
Start importing Assets/Jogo/Banco de Dados/FicarOnline.cs using Guid(a8f53c9bdb01ccc409359acfda921a6f) Importer(815301076,1909f56bfc062723c751e8b465ee728b)  -> (artifact id: 'e12d78bc81d8297ec26b0e388e2b9fe3') in 0.007369 seconds
  Import took 0.010817 seconds .

========================================================================
Received Prepare
Refreshing native plugins compatible for Editor in 18.45 ms, found 1 plugins.
Preloading 0 native plugins for Editor in 0.00 ms.
Unloading 49 Unused Serialized files (Serialized files now loaded: 0)
System memory in use before: 50.5 MB.
System memory in use after: 50.6 MB.

Unloading 49 unused Assets to reduce memory usage. Loaded Objects now: 2312.
Total: 6.991000 ms (FindLiveObjects: 0.385500 ms CreateObjectMapping: 0.149300 ms MarkObjects: 6.416900 ms  DeleteObjects: 0.037300 ms)

========================================================================
Received Prepare
Registering precompiled user dll's ...
Registered in 0.007357 seconds.
Begin MonoManager ReloadAssembly
Native extension for WindowsStandalone target not found
Refreshing native plugins compatible for Editor in 0.65 ms, found 1 plugins.
Preloading 0 native plugins for Editor in 0.00 ms.
UnityIAP: [InitializeOnLoad] Facebook Check
UnityIAP: Runtime [2020.3.2f1]
UnityIAP: Current Build is Android:Android
UnityIAP: stub FacebookStore.dll disabled
Invoked RoslynAnalysisRunner static constructor.
RoslynAnalysisRunner will not be running.
RoslynAnalysisRunner has terminated.
Mono: successfully reloaded assembly
- Completed reload, in  0.914 seconds
Platform modules already initialized, skipping
Switching build target platform(5) subTarget(0) extendedPlatform(0) -> platform(13) subTarget(589824) extendedPlatform(0)
Refreshing native plugins compatible for Editor in 0.66 ms, found 1 plugins.
Preloading 0 native plugins for Editor in 0.00 ms.
Unloading 1872 Unused Serialized files (Serialized files now loaded: 0)
System memory in use before: 86.2 MB.
System memory in use after: 86.3 MB.

Unloading 52 unused Assets to reduce memory usage. Loaded Objects now: 2315.
Total: 4.554300 ms (FindLiveObjects: 0.228300 ms CreateObjectMapping: 0.081000 ms MarkObjects: 4.215200 ms  DeleteObjects: 0.027900 ms)

AssetImportParameters requested are different than current active one (requested -> active):
  custom:graphics/normal-map-encoding: 01000000000000000000000000000000 -> 02000000000000000000000000000000
========================================================================
Received Prepare
Registering precompiled user dll's ...
Registered in 0.004908 seconds.
Begin MonoManager ReloadAssembly
Native extension for WindowsStandalone target not found
Refreshing native plugins compatible for Editor in 0.65 ms, found 1 plugins.
Preloading 0 native plugins for Editor in 0.00 ms.
UnityIAP: [InitializeOnLoad] Facebook Check
UnityIAP: Runtime [2020.3.2f1]
UnityIAP: Current Build is Android:Android
UnityIAP: stub FacebookStore.dll disabled
Invoked RoslynAnalysisRunner static constructor.
RoslynAnalysisRunner will not be running.
RoslynAnalysisRunner has terminated.
Mono: successfully reloaded assembly
- Completed reload, in  0.868 seconds
Platform modules already initialized, skipping
Switching build target platform(5) subTarget(0) extendedPlatform(0) -> platform(13) subTarget(589824) extendedPlatform(0)
Refreshing native plugins compatible for Editor in 0.65 ms, found 1 plugins.
Preloading 0 native plugins for Editor in 0.00 ms.
Unloading 1872 Unused Serialized files (Serialized files now loaded: 0)
System memory in use before: 86.2 MB.
System memory in use after: 86.3 MB.

Unloading 52 unused Assets to reduce memory usage. Loaded Objects now: 2318.
Total: 13.997000 ms (FindLiveObjects: 0.387300 ms CreateObjectMapping: 0.187600 ms MarkObjects: 13.349000 ms  DeleteObjects: 0.070100 ms)

AssetImportParameters requested are different than current active one (requested -> active):
  custom:graphics/normal-map-encoding: 01000000000000000000000000000000 -> 02000000000000000000000000000000
========================================================================
Received Prepare
Registering precompiled user dll's ...
Registered in 0.005239 seconds.
Begin MonoManager ReloadAssembly
Native extension for WindowsStandalone target not found
Refreshing native plugins compatible for Editor in 0.81 ms, found 1 plugins.
Preloading 0 native plugins for Editor in 0.00 ms.
UnityIAP: [InitializeOnLoad] Facebook Check
UnityIAP: Runtime [2020.3.2f1]
UnityIAP: Current Build is Android:Android
UnityIAP: stub FacebookStore.dll disabled
Invoked RoslynAnalysisRunner static constructor.
RoslynAnalysisRunner will not be running.
RoslynAnalysisRunner has terminated.
Mono: successfully reloaded assembly
- Completed reload, in  0.901 seconds
Platform modules already initialized, skipping
Switching build target platform(5) subTarget(0) extendedPlatform(0) -> platform(13) subTarget(589824) extendedPlatform(0)
Refreshing native plugins compatible for Editor in 0.64 ms, found 1 plugins.
Preloading 0 native plugins for Editor in 0.00 ms.
Unloading 1872 Unused Serialized files (Serialized files now loaded: 0)
System memory in use before: 86.2 MB.
System memory in use after: 86.3 MB.

Unloading 52 unused Assets to reduce memory usage. Loaded Objects now: 2321.
Total: 14.319700 ms (FindLiveObjects: 0.630600 ms CreateObjectMapping: 0.177000 ms MarkObjects: 13.431200 ms  DeleteObjects: 0.077600 ms)

AssetImportParameters requested are different than current active one (requested -> active):
  custom:graphics/normal-map-encoding: 01000000000000000000000000000000 -> 02000000000000000000000000000000
========================================================================
Received Prepare
Refreshing native plugins compatible for Editor in 16.97 ms, found 1 plugins.
Preloading 0 native plugins for Editor in 0.00 ms.
Unloading 49 Unused Serialized files (Serialized files now loaded: 0)
System memory in use before: 50.5 MB.
System memory in use after: 50.6 MB.

Unloading 49 unused Assets to reduce memory usage. Loaded Objects now: 2321.
Total: 7.697200 ms (FindLiveObjects: 0.277600 ms CreateObjectMapping: 0.100500 ms MarkObjects: 7.277000 ms  DeleteObjects: 0.039700 ms)

========================================================================
Received Prepare
Refreshing native plugins compatible for Editor in 15.95 ms, found 1 plugins.
Preloading 0 native plugins for Editor in 0.00 ms.
Unloading 49 Unused Serialized files (Serialized files now loaded: 0)
System memory in use before: 50.5 MB.
System memory in use after: 50.6 MB.

Unloading 49 unused Assets to reduce memory usage. Loaded Objects now: 2321.
Total: 11.734500 ms (FindLiveObjects: 0.585700 ms CreateObjectMapping: 0.274800 ms MarkObjects: 10.826100 ms  DeleteObjects: 0.044300 ms)

AssetImportWorkerClient::OnTransportError - code=2 error=End of file
